[hiukim.github.io/mind-ar-js-doc/samples/advanced.html]
[cdn.jsdelivr.net/gh/hiukim/mind-ar-js@1.0.0/dist/mindar-image.prod.js]
[cdn.jsdelivr.net/gh/hiukim/mind-ar-js@1.0.0/dist/mindar-image-aframe.prod.js]
[backblue.gif]
[fade.gif]
[index.html]
[aframe.io/releases/1.2.0/aframe.min.js]
[hiukim.github.io/mind-ar-js-doc/samples/assets/card-example/card.png]
[hiukim.github.io/mind-ar-js-doc/samples/assets/card-example/icons/web.png]
[hiukim.github.io/mind-ar-js-doc/samples/assets/card-example/icons/location.png]
[hiukim.github.io/mind-ar-js-doc/samples/assets/card-example/icons/profile.png]
[hiukim.github.io/mind-ar-js-doc/samples/assets/card-example/icons/phone.png]
[hiukim.github.io/mind-ar-js-doc/samples/assets/card-example/icons/email.png]
[hiukim.github.io/mind-ar-js-doc/samples/assets/card-example/icons/play.png]
[hiukim.github.io/mind-ar-js-doc/samples/assets/card-example/icons/left.png]
[hiukim.github.io/mind-ar-js-doc/samples/assets/card-example/icons/right.png]
[hiukim.github.io/mind-ar-js-doc/samples/assets/card-example/portfolio/paintandquest-preview.png]
[hiukim.github.io/mind-ar-js-doc/samples/assets/card-example/portfolio/paintandquest.mp4]
[hiukim.github.io/mind-ar-js-doc/samples/assets/card-example/portfolio/paintandquest.webm]
[hiukim.github.io/mind-ar-js-doc/samples/assets/card-example/portfolio/coffeemachine-preview.png]
[hiukim.github.io/mind-ar-js-doc/samples/assets/card-example/portfolio/peak-preview.png]
[hiukim.github.io/mind-ar-js-doc/samples/advanced.html]
