[github.uconn.edu/pages/yuh19027/dmd3475_scripting/final-project/ar-pokemon/index.html]
[backblue.gif]
[fade.gif]
[index.html]
[cdnjs.cloudflare.com/ajax/libs/normalize/5.0.0/normalize.min.css]
[github.uconn.edu/pages/yuh19027/dmd3475_scripting/final-project/ar-pokemon/style.css]
[aframe.io/releases/0.7.0/aframe.min.js]
[cdn.jsdelivr.net/gh/jeromeetienne/AR.js@1.5.0/aframe/build/aframe-ar.js]
[github.uconn.edu/pages/yuh19027/dmd3475_scripting/final-project/ar-pokemon/imgs/charmander.tgif]
[github.uconn.edu/pages/yuh19027/dmd3475_scripting/final-project/ar-pokemon/imgs/charmander.mtl]
[github.uconn.edu/pages/yuh19027/dmd3475_scripting/final-project/ar-pokemon/imgs/pikachu.tgif]
[github.uconn.edu/pages/yuh19027/dmd3475_scripting/final-project/ar-pokemon/imgs/pikachu.mtl]
[github.uconn.edu/pages/yuh19027/dmd3475_scripting/final-project/ar-pokemon/imgs/cubone.mtl]
[github.uconn.edu/pages/yuh19027/dmd3475_scripting/final-project/ar-pokemon/imgs/diglett.tgif]
[github.uconn.edu/pages/yuh19027/dmd3475_scripting/final-project/ar-pokemon/imgs/marill.tgif]
[github.uconn.edu/pages/yuh19027/dmd3475_scripting/final-project/ar-pokemon/imgs/marill.mtl]
[cdnjs.cloudflare.com/ajax/libs/jquery/3.2.1/jquery.min.js]
[github.uconn.edu/pages/yuh19027/dmd3475_scripting/final-project/ar-pokemon/index.html]
[cdnjs.cloudflare.com/ajax/libs/normalize/5.0.0/normalize.min.css]
[github.uconn.edu/pages/yuh19027/dmd3475_scripting/final-project/ar-pokemon/style.css]
[github.uconn.edu/pages/yuh19027/dmd3475_scripting/final-project/ar-pokemon/script.js]
[github.uconn.edu/pages/yuh19027/dmd3475_scripting/final-project/ar-pokemon/imgs/cubone.obj]
[github.uconn.edu/pages/yuh19027/dmd3475_scripting/final-project/ar-pokemon/imgs/diglett.mtl]
